[     513ms] [LOG] [Explorer] Nav event received, generation: 1 @ http://localhost:8080/postscript.js:0
[     517ms] [LOG] [Explorer] Found 1 explorers @ http://localhost:8080/postscript.js:0
[     522ms] [LOG] [Explorer] Starting tree build... @ http://localhost:8080/postscript.js:0
[     522ms] [LOG] [Explorer] Fetching content index... @ http://localhost:8080/postscript.js:0
[     536ms] [LOG] [Explorer] Fetched data keys: [01works/13武汉地铁传说, 01works/14东湖缥缈录, 01works/15东湖龙王庙, 01works/15流转仓库, 01works/17番薯种植计划] @ http://localhost:8080/postscript.js:0
[     543ms] [LOG] [Explorer] Entry count: 44 @ http://localhost:8080/postscript.js:0
[     547ms] [LOG] [Explorer] Trie root children: 7 @ http://localhost:8080/postscript.js:0
[     633ms] [LOG] [Explorer] Render generation is current, rendering tree @ http://localhost:8080/postscript.js:0
[     633ms] [LOG] [Explorer] Trie result: success @ http://localhost:8080/postscript.js:0
[     634ms] [LOG] [Explorer] Rendering 6 children @ http://localhost:8080/postscript.js:0
[     640ms] [LOG] [Explorer] Render complete, final list length: 7 @ http://localhost:8080/postscript.js:0
[     746ms] [WARNING] Ignoring Event: localhost @ https://plausible.io/js/script.manual.js:0
[    4815ms] [LOG] [Explorer] Nav event received, generation: 2 @ http://localhost:8080/postscript.js:0
[    4815ms] [LOG] [Explorer] Found 1 explorers @ http://localhost:8080/postscript.js:0
[    4815ms] [LOG] [Explorer] Starting tree build... @ http://localhost:8080/postscript.js:0
[    4815ms] [LOG] [Explorer] Fetching content index... @ http://localhost:8080/postscript.js:0
[    4816ms] [WARNING] Ignoring Event: localhost @ https://plausible.io/js/script.manual.js:0
[    4822ms] [LOG] [Explorer] Fetched data keys: [01works/13武汉地铁传说, 01works/14东湖缥缈录, 01works/15东湖龙王庙, 01works/15流转仓库, 01works/17番薯种植计划] @ http://localhost:8080/postscript.js:0
[    4823ms] [LOG] [Explorer] Entry count: 44 @ http://localhost:8080/postscript.js:0
[    4823ms] [LOG] [Explorer] Trie root children: 7 @ http://localhost:8080/postscript.js:0
[    4824ms] [LOG] [Explorer] Render generation is current, rendering tree @ http://localhost:8080/postscript.js:0
[    4824ms] [LOG] [Explorer] Trie result: success @ http://localhost:8080/postscript.js:0
[    4824ms] [LOG] [Explorer] Rendering 6 children @ http://localhost:8080/postscript.js:0
[    4825ms] [LOG] [Explorer] Render complete, final list length: 7 @ http://localhost:8080/postscript.js:0
[    9209ms] [LOG] [Explorer] Nav event received, generation: 1 @ http://localhost:8080/postscript.js:0
[    9210ms] [LOG] [Explorer] Found 1 explorers @ http://localhost:8080/postscript.js:0
[    9210ms] [LOG] [Explorer] Starting tree build... @ http://localhost:8080/postscript.js:0
[    9210ms] [LOG] [Explorer] Fetching content index... @ http://localhost:8080/postscript.js:0
[    9227ms] [LOG] [Explorer] Fetched data keys: [01works/13武汉地铁传说, 01works/14东湖缥缈录, 01works/15东湖龙王庙, 01works/15流转仓库, 01works/17番薯种植计划] @ http://localhost:8080/postscript.js:0
[    9227ms] [LOG] [Explorer] Entry count: 44 @ http://localhost:8080/postscript.js:0
[    9227ms] [LOG] [Explorer] Trie root children: 7 @ http://localhost:8080/postscript.js:0
[    9255ms] [LOG] [Explorer] Render generation is current, rendering tree @ http://localhost:8080/postscript.js:0
[    9255ms] [LOG] [Explorer] Trie result: success @ http://localhost:8080/postscript.js:0
[    9256ms] [LOG] [Explorer] Rendering 6 children @ http://localhost:8080/postscript.js:0
[    9256ms] [LOG] [Explorer] Render complete, final list length: 7 @ http://localhost:8080/postscript.js:0
[    9272ms] [WARNING] Ignoring Event: localhost @ https://plausible.io/js/script.manual.js:0
[   48543ms] [LOG] [Explorer] Nav event received, generation: 1 @ http://localhost:8080/postscript.js:0
[   48543ms] [LOG] [Explorer] Found 1 explorers @ http://localhost:8080/postscript.js:0
[   48544ms] [LOG] [Explorer] Starting tree build... @ http://localhost:8080/postscript.js:0
[   48544ms] [LOG] [Explorer] Fetching content index... @ http://localhost:8080/postscript.js:0
[   48545ms] [LOG] [Explorer] Fetched data keys: [01works/13武汉地铁传说, 01works/14东湖缥缈录, 01works/15东湖龙王庙, 01works/15流转仓库, 01works/17番薯种植计划] @ http://localhost:8080/postscript.js:0
[   48545ms] [LOG] [Explorer] Entry count: 44 @ http://localhost:8080/postscript.js:0
[   48545ms] [LOG] [Explorer] Trie root children: 7 @ http://localhost:8080/postscript.js:0
[   48572ms] [LOG] [Explorer] Render generation is current, rendering tree @ http://localhost:8080/postscript.js:0
[   48572ms] [LOG] [Explorer] Trie result: success @ http://localhost:8080/postscript.js:0
[   48572ms] [LOG] [Explorer] Rendering 6 children @ http://localhost:8080/postscript.js:0
[   48573ms] [LOG] [Explorer] Render complete, final list length: 7 @ http://localhost:8080/postscript.js:0
[   48579ms] [WARNING] Ignoring Event: localhost @ https://plausible.io/js/script.manual.js:0
[   48737ms] [ERROR] WebSocket connection to 'ws://localhost:3001/' failed:  @ http://localhost:8080/static/resource-after-683f275d.js:0
[   58716ms] [ERROR] Failed to load resource: net::ERR_CONNECTION_REFUSED @ http://localhost:8080/01works/25%E9%A1%BA%E6%B5%81%E8%80%8C%E4%B8%8B%EF%BC%88%E5%B0%8F%E7%BB%84%EF%BC%89:0
[   68065ms] [LOG] [Explorer] Nav event received, generation: 1 @ http://localhost:8080/postscript.js:0
[   68065ms] [LOG] [Explorer] Found 1 explorers @ http://localhost:8080/postscript.js:0
[   68066ms] [LOG] [Explorer] Starting tree build... @ http://localhost:8080/postscript.js:0
[   68067ms] [LOG] [Explorer] Fetching content index... @ http://localhost:8080/postscript.js:0
[   68069ms] [LOG] [Explorer] Fetched data keys: [01works/13武汉地铁传说, 01works/14东湖缥缈录, 01works/15东湖龙王庙, 01works/15流转仓库, 01works/17番薯种植计划] @ http://localhost:8080/postscript.js:0
[   68070ms] [LOG] [Explorer] Entry count: 44 @ http://localhost:8080/postscript.js:0
[   68070ms] [LOG] [Explorer] Trie root children: 7 @ http://localhost:8080/postscript.js:0
[   68110ms] [LOG] [Explorer] Render generation is current, rendering tree @ http://localhost:8080/postscript.js:0
[   68110ms] [LOG] [Explorer] Trie result: success @ http://localhost:8080/postscript.js:0
[   68110ms] [LOG] [Explorer] Rendering 6 children @ http://localhost:8080/postscript.js:0
[   68112ms] [LOG] [Explorer] Render complete, final list length: 7 @ http://localhost:8080/postscript.js:0
[   68347ms] [WARNING] Ignoring Event: localhost @ https://plausible.io/js/script.manual.js:0
[  153657ms] [LOG] [Explorer] Nav event received, generation: 1 @ http://localhost:8080/postscript.js:0
[  153657ms] [LOG] [Explorer] Found 1 explorers @ http://localhost:8080/postscript.js:0
[  153657ms] [LOG] [Explorer] Starting tree build... @ http://localhost:8080/postscript.js:0
[  153657ms] [LOG] [Explorer] Fetching content index... @ http://localhost:8080/postscript.js:0
[  153659ms] [LOG] [Explorer] Fetched data keys: [01works/13武汉地铁传说, 01works/14东湖缥缈录, 01works/15东湖龙王庙, 01works/15流转仓库, 01works/17番薯种植计划] @ http://localhost:8080/postscript.js:0
[  153659ms] [LOG] [Explorer] Entry count: 44 @ http://localhost:8080/postscript.js:0
[  153659ms] [LOG] [Explorer] Trie root children: 7 @ http://localhost:8080/postscript.js:0
[  153689ms] [LOG] [Explorer] Render generation is current, rendering tree @ http://localhost:8080/postscript.js:0
[  153689ms] [LOG] [Explorer] Trie result: success @ http://localhost:8080/postscript.js:0
[  153689ms] [LOG] [Explorer] Rendering 6 children @ http://localhost:8080/postscript.js:0
[  153691ms] [LOG] [Explorer] Render complete, final list length: 7 @ http://localhost:8080/postscript.js:0
[  153701ms] [WARNING] Ignoring Event: localhost @ https://plausible.io/js/script.manual.js:0
[  354057ms] [LOG] [Explorer] Nav event received, generation: 1 @ http://localhost:8080/postscript.js:0
[  354057ms] [LOG] [Explorer] Found 1 explorers @ http://localhost:8080/postscript.js:0
[  354057ms] [LOG] [Explorer] Starting tree build... @ http://localhost:8080/postscript.js:0
[  354058ms] [LOG] [Explorer] Fetching content index... @ http://localhost:8080/postscript.js:0
[  354058ms] [LOG] [Explorer] Fetched data keys: [01works/13武汉地铁传说, 01works/14东湖缥缈录, 01works/15东湖龙王庙, 01works/15流转仓库, 01works/17番薯种植计划] @ http://localhost:8080/postscript.js:0
[  354058ms] [LOG] [Explorer] Entry count: 44 @ http://localhost:8080/postscript.js:0
[  354058ms] [LOG] [Explorer] Trie root children: 7 @ http://localhost:8080/postscript.js:0
[  354087ms] [LOG] [Explorer] Render generation is current, rendering tree @ http://localhost:8080/postscript.js:0
[  354087ms] [LOG] [Explorer] Trie result: success @ http://localhost:8080/postscript.js:0
[  354087ms] [LOG] [Explorer] Rendering 6 children @ http://localhost:8080/postscript.js:0
[  354088ms] [LOG] [Explorer] Render complete, final list length: 7 @ http://localhost:8080/postscript.js:0
[  354097ms] [WARNING] Ignoring Event: localhost @ https://plausible.io/js/script.manual.js:0
[  359258ms] [LOG] [Explorer] Nav event received, generation: 1 @ http://localhost:8080/postscript.js:0
[  359258ms] [LOG] [Explorer] Found 1 explorers @ http://localhost:8080/postscript.js:0
[  359258ms] [LOG] [Explorer] Starting tree build... @ http://localhost:8080/postscript.js:0
[  359258ms] [LOG] [Explorer] Fetching content index... @ http://localhost:8080/postscript.js:0
[  359274ms] [WARNING] Ignoring Event: localhost @ https://plausible.io/js/script.manual.js:0
[  359281ms] [LOG] [Explorer] Fetched data keys: [01works/13武汉地铁传说, 01works/14东湖缥缈录, 01works/15东湖龙王庙, 01works/15流转仓库, 01works/17番薯种植计划] @ http://localhost:8080/postscript.js:0
[  359281ms] [LOG] [Explorer] Entry count: 44 @ http://localhost:8080/postscript.js:0
[  359281ms] [LOG] [Explorer] Trie root children: 7 @ http://localhost:8080/postscript.js:0
[  359306ms] [LOG] [Explorer] Render generation is current, rendering tree @ http://localhost:8080/postscript.js:0
[  359306ms] [LOG] [Explorer] Trie result: success @ http://localhost:8080/postscript.js:0
[  359306ms] [LOG] [Explorer] Rendering 6 children @ http://localhost:8080/postscript.js:0
[  359307ms] [LOG] [Explorer] Render complete, final list length: 7 @ http://localhost:8080/postscript.js:0
